[info] | 2026-05-11 15:24:47 | LLBot 7.11.4

[info] | 2026-05-11 15:24:47 | Webui 服务器已启动 127.0.0.1:3080

[info] | 2026-05-11 15:24:51 | OneBot V11 HTTP server started 127.0.0.1:3000

[info] | 2026-05-11 15:24:51 | OneBot V11 HTTP SSE started 127.0.0.1:3000/_events

[info] | 2026-05-11 15:43:36 | [收-群] 朝暮说【私享hui】拼夕夕砍一刀(107054156) 竹子(3784117291)：
今日两市总成交3.54 万亿元，较昨日的 3.05 万亿元大幅放量，显著高于 60 日平均成交额 2.36 万亿元，属于放量上涨行情，资金参与热情明显提升。

主力资金净流出 270.05 亿元，超大单净流出 82.83 亿元，大单净流出 187.22 亿元，机构与大额资金整体呈流出态势。
中单净流出 55 亿元，而小单资金大幅净流入 325.05 亿元，说明今日行情主要由散户资金主导，属于 “散户主导的放量普涨”，机构资金整体偏谨慎。

资金从消费、周期等低估值板块，向高成长科技板块切换，市场风格偏向成长。与此同时成交额大幅放量，但主力资金整体流出，行情由散户资金推动，需警惕后续机构资金回流不及预期的波动风险。

大盘高位放量阶段，我们有所收获的方向已经及时调出，还在低位的持续做好跟踪即可。

近期我们关注的方向轮番有行情，但是有的朋友会有卖飞的心理，馆藏课程中有关于如何看待卖飞的视频，大家可以去看看，多熟悉熟悉我们模式。

【当前重点关注方向】

黄金ETF：持续跟踪中，当前黄金7层左右。场内ETF波动较小，可以不用动，如果是做的银行的，上周四已经降仓位。

纳指：国内ETF出清或者剩2层底仓；这个位置不能上仓位，只能等；海外纳指保持其仓位的5层继续跟踪。

A股：煤炭、红利、消费类、基建等方向目前还是继续看长；大唐发电今天没走的下个交易日需要重点关注，按照今日策略做好执行。

A股偏进攻方向的，如云南铜业（铜）、盾安环境（AI液冷）、机器人方向、开开实业（医药商业）、博威合金、核电、太极实业（存储芯片）、冰川网络等方向以波段策略为主。

目前正在跟踪的东西处于底部阶段或者相对低位的，可能需要等待一段时间，因此大家根据自己的投资风格执行好策略。

如果有仓位，并且想在低位埋伏的，这个位置可以埋伏盾安环境、康缘药业、以及大连圣亚。

全球配置方面目前继续做好跟踪即可，暂时没有新动态。

（以上信息仅供学员案例学习和模式/战法讲解，不构成投资建议；过往业绩或以上案例不代表对未来收益的承诺，不保证投资不受损失；过往业绩或以上案例仅为单一业绩或案例，不代表全面业绩或案例，公司承诺该过往业绩的真实性并可完整提供全部依据；无法保证投资不受损失，任何投资行为需要您自主决策并独立承担投资风险；任何时候不能满仓一只股票；投资有风险，入市需谨慎。投资顾问：殷霄 执业编号：A0870624030036）

[info] | 2026-05-11 15:43:36 | HTTP 事件上报: http://127.0.0.1:8080/webhook message.group 200

