[info] | 2026-05-29 22:42:51 | LLBot 7.11.4

[info] | 2026-05-29 22:42:51 | Webui 服务器已启动 127.0.0.1:3081

[error] | 2026-05-29 22:43:14 | NT API 调用失败: Error: invoke timeout, wrapperSession.getGroupService().getGroupList, [ false ] at Timeout._onTimeout (D:\DevVProgram\QQLLOneBotCLI\LLBot-CLI-Win-x64-2\bin\src\ntqqapi\ntcall.ts:165:16) at listOnTimeout (node:internal/timers:605:17) at process.processTimers (node:internal/timers:541:7)

[error] | 2026-05-29 22:43:14 | NT API 调用失败: Error: invoke timeout, wrapperSession.getGroupService().getGroupList, [ false ] at Timeout._onTimeout (D:\DevVProgram\QQLLOneBotCLI\LLBot-CLI-Win-x64-2\bin\src\ntqqapi\ntcall.ts:165:16) at listOnTimeout (node:internal/timers:605:17) at process.processTimers (node:internal/timers:541:7)

[info] | 2026-05-29 22:43:37 | OneBot V11 HTTP server started 127.0.0.1:3001

[info] | 2026-05-29 22:43:37 | OneBot V11 HTTP SSE started 127.0.0.1:3001/_events

[info] | 2026-05-29 22:44:07 | [收-群] 11-目标群(1080631149) 小小贝壳(2776992588)：
你是111

[info] | 2026-05-29 22:44:07 | HTTP 事件上报: http://127.0.0.1:8080/webhook message.group 200

[info] | 2026-05-29 22:44:22 | [收-群] 机器人2（00）(329868809) 三四三七(352140007)：
你是222

[info] | 2026-05-29 22:44:22 | 收到 HTTP 请求 http://127.0.0.1:3001/send_group_msg { group_id: 1080631149, message: [ { type: 'text', data: { text: '你是222' } } ] }

[info] | 2026-05-29 22:44:22 | [发-群] 11-目标群(1080631149) 😄(85039678)：
你是222

[info] | 2026-05-29 22:44:22 | 消息发送 { chatType: 2, peerUid: '1080631149', guildId: '' }

[info] | 2026-05-29 22:44:22 | HTTP 事件上报: http://127.0.0.1:8080/webhook message.group 200

[info] | 2026-05-29 22:44:22 | HTTP 事件上报: http://127.0.0.1:8080/webhook message_sent.undefined 200

[info] | 2026-05-29 22:45:04 | [收-群] 机器人2（00）(329868809) 三四三七(352140007)：
💢会员专属私域直播通知
 
⏰时间：周日（5月24日）20:00
🔗直播链接：#小程序://鹅直播/xPqiUDZsDDx2eab
【密码：20260524】
 
👉另外下周二20:00｜老师安排【私享会专属】私域直播，深度解析期权问题，同步后续操作方向，私享会成员做好安排`
 
最后潇潇祝您周末舒心顺遂[爱心]

[info] | 2026-05-29 22:45:04 | HTTP 事件上报: http://127.0.0.1:8080/webhook message.group 200

[info] | 2026-05-29 22:46:20 | [收-群] 11-目标群(1080631149) 小小贝壳(2776992588)：
💢行情未完待续，朝暮老师周日私域直播，详解后市方向：

🔗点击链接预约: #小程序://鹅直播/4XGihTqFdfzw9ck
⏰时间：周日晚20:00

潇潇祝您周末愉快[玫瑰]

[info] | 2026-05-29 22:46:21 | HTTP 事件上报: http://127.0.0.1:8080/webhook message.group 200

[info] | 2026-05-29 22:46:45 | [收-群] 机器人2（00）(329868809) 三四三七(352140007)：
指数继续回调，我们自从4240点发布大跌的三个阶段完美预判以来，避开了许多板块的大幅回调，最近更是完成了新一轮的切换。

可以说这一轮的顶底已经做得很好，但是还没有完，市场依然还有变化。

欲知后事如何？请听周日晚8点私域直播，我给你娓娓道来！

复制链接到微信点击链接进入小程序预约直播

https://5vqzo.xetslk.com/sl/34X2SO

（以上信息仅供学员案例学习和模式/战法讲解，

[info] | 2026-05-29 22:46:45 | HTTP 事件上报: http://127.0.0.1:8080/webhook message.group 200

