[info] | 2026-05-29 23:04:51 | LLBot 7.11.4

[info] | 2026-05-29 23:04:51 | Webui 服务器已启动 127.0.0.1:3081

[info] | 2026-05-29 23:04:55 | OneBot V11 HTTP server started 127.0.0.1:3001

[info] | 2026-05-29 23:04:55 | OneBot V11 HTTP SSE started 127.0.0.1:3001/_events

[info] | 2026-05-29 23:05:34 | [收-群] 11-目标群(1080631149) 小小贝壳(2776992588)：
大连圣亚最近要起来了，布局的都有收获，但是，不要被蝇头小利迷惑，坚持到底，到我提示取关为止

有部分朋友喜欢逛东百和中百，继续逛，不要停，逛到年底了再说 


合百集团，这波从低位快速拉升，短期涨幅巨大，资金博弈激烈，当前正处于高位分歧后的回调阶段 。

20日均线附近存在支撑，叠加龙虎榜显示仍有机构资金承接，后续只要不跌破关键支撑位，就有情绪修复和二次博弈的机会 

当前可以先加自选，等回调企稳、量能再次放大时再评估是否参与。 


[info] | 2026-05-29 23:05:34 | HTTP 事件上报: http://127.0.0.1:8080/webhook message.group 200

[info] | 2026-05-29 23:06:23 | [收-群] 00-源2(329868809) 三四三七(352140007)：
直播正在进行中，今晚直播很重要，涉及到后面策略的执行，
复制链接到微信点击进入小程序直播间输入密码进入

https://5vqzo.xetslk.com/sl/2geLDx
直播密码：20260524

（以上信息仅供学员案例学习和模

[info] | 2026-05-29 23:06:23 | 收到 HTTP 请求 http://127.0.0.1:3001/send_group_msg { group_id: 1080631149, message: [ { type: 'text', data: { text: '直播正在进行中，今晚直播很重要，涉及到后面策略的执行，\n' + '复制链接到微信点击进入小程序直播间输入密码进入\n' + '\n' + 'https://5vqzo.xetslk.com/sl/2geLDx\n' + '直播密码：20260524\n' + '\n' + '（以上信息仅供学员案例学习和模' } } ] }

[info] | 2026-05-29 23:06:24 | [发-群] 11-目标群(1080631149) 😄(85039678)：
直播正在进行中，今晚直播很重要，涉及到后面策略的执行，
复制链接到微信点击进入小程序直播间输入密码进入

https://5vqzo.xetslk.com/sl/2geLDx
直播密码：20260524

（以上信息仅供学员案例学习和模

[info] | 2026-05-29 23:06:24 | 消息发送 { chatType: 2, peerUid: '1080631149', guildId: '' }

[info] | 2026-05-29 23:06:24 | HTTP 事件上报: http://127.0.0.1:8080/webhook message.group 200

[info] | 2026-05-29 23:06:24 | HTTP 事件上报: http://127.0.0.1:8080/webhook message_sent.undefined 200

