[info] | 2026-05-29 22:57:26 | LLBot 7.11.4

[info] | 2026-05-29 22:57:26 | Webui 服务器已启动 127.0.0.1:3081

[info] | 2026-05-29 22:57:30 | OneBot V11 HTTP server started 127.0.0.1:3001

[info] | 2026-05-29 22:57:30 | OneBot V11 HTTP SSE started 127.0.0.1:3001/_events

[info] | 2026-05-29 22:59:23 | [收-群] 机源群1（00）(1079264158) 三四三七(352140007)：
指数继续回调，我们自从4240点发布大跌的三个阶段完美预判以来，避开了许多板块的大幅回调，最近更是完成了新一轮的切换。

可以说这一轮的顶底已经做得很好，但是还没有完，市场依然还有变化。

欲知后事如何？请听周日晚8点私域直播，我给你娓娓道来！

复制链接到微信点击链接进入小程序预约直播

https://5vqzo.xetslk.com/sl/34X2SO

（以上信息仅供学员案例学习和模式/战法讲解，

[info] | 2026-05-29 22:59:24 | [收-群] 机目标（11）(1080631149) 😄(85039678)：
指数继续回调，我们自从4240点发布大跌的三个阶段完美预判以来，避开了许多板块的大幅回调，最近更是完成了新一轮的切换。

可以说这一轮的顶底已经做得很好，但是还没有完，市场依然还有变化。

欲知后事如何？请听周日晚8点私域直播，我给你娓娓道来！

复制链接到微信点击链接进入小程序预约直播

https://5vqzo.xetslk.com/sl/34X2SO

（以上信息仅供学员案例学习和模式/战法讲解，

[info] | 2026-05-29 22:59:24 | HTTP 事件上报: http://127.0.0.1:8080/webhook message.group 200

[info] | 2026-05-29 22:59:24 | HTTP 事件上报: http://127.0.0.1:8080/webhook message.group 200

[info] | 2026-05-29 22:59:51 | 收到 HTTP 请求 http://127.0.0.1:3001/send_group_msg { group_id: 1080631149, message: [ { type: 'image', data: { file: '0B5FDF837B620E0EEA595954B79A5A6F.jpg', subType: 0, url: 'https://multimedia.nt.qq.com.cn/download?appid=1407&fileid=EhSy4xpduvb7vECVW5MsH8BsYNLbyxjZhBcg_woo_ISMxuHelAMyBHByb2RQgL2jAVoQmcDMIagGzSHlBzLt3I2H0noCQT2CAQJneg&spec=0&rkey=CAMSMBUpvZutpPWVR2YaN_MUqgZRevAsAr-DGLJRiHmHylR7fnx54Ow3LzYXFNRzNIW21A', file_size: '377433' } } ] }

[info] | 2026-05-29 22:59:52 | 图片信息 { md5HexStr: '0b5fdf837b620e0eea595954b79a5a6f', fileSize: '377433', picWidth: 1280, picHeight: 2307, fileName: '56acc3d0-c3de-4685-9433-8013fe46b746.jpg', sourcePath: 'D:\\HuaweiMoveData\\Users\\Smile Uncle\\Documents\\Tencent Files\\2776992588\\nt_qq\\nt_data\\Pic\\2026-05\\Ori\\0b5fdf837b620e0eea595954b79a5a6f.jpg', original: true, picType: 1000, picSubType: 0, fileUuid: '', fileSubId: '', thumbFileSize: 0, summary: '', isFlashPic: false }

[info] | 2026-05-29 22:59:52 | [发-群] 机目标（11）(1080631149) 小小贝壳(2776992588)：
[图片]0B5FDF837B620E0EEA595954B79A5A6F.jpg

[info] | 2026-05-29 22:59:52 | 消息发送 { chatType: 2, peerUid: '1080631149', guildId: '' }

[info] | 2026-05-29 22:59:52 | 发包获取rkey成功, private:&rkey=CAISMDnZdh01k9Hf4H5QttmyA_r8o46RWyUCmMIICdtLRZZ5u8t-52kCHVudfjV6MI-lsg, group:&rkey=CAMSMKjFhzdyiE3jwyuFC6ai34ivLEFesSKWHEfqab9DJnUdbk1oFDm0MX2HAhqu8zdUJQ

[info] | 2026-05-29 22:59:52 | HTTP 事件上报: http://127.0.0.1:8080/webhook message_sent.undefined 200

